// Jest Snapshot v1, https://goo.gl/fbAQLP

exports[`HeroWithImage should render successfully 1`] = `
<div
  className="min-h-[25vh] hero rounded-lg my-8 bg-gradient-to-t from-base-200 to-base-100 p-4 shadow-sm"
>
  <div
    className="flex-row-reverse hero-content"
  >
    <img
      alt="Random unsplash image"
      className="max-w-sm rounded-lg shadow-2xl lg:max-w-xl"
      src="https://source.unsplash.com/random"
    />
    <div
      className="flex-1"
    >
      <div>
        <h1
          className="mb-3 text-5xl font-bold md:mb-5"
        >
          Hello there
        </h1>
        Provident cupiditate voluptatem et in. Quaerat fugiat ut assumenda excepturi exercitationem quasi. In deleniti eaque aut repudiandae et a id nisi.
      </div>
    </div>
  </div>
</div>
`;
