// Jest Snapshot v1, https://goo.gl/fbAQLP

exports[`Card should render successfully 1`] = `
<div
  className="shadow-xl card w-96 bg-base-100"
>
  <div
    className="card-body"
  >
    <h2
      className="card-title"
    >
      title
    </h2>
    <p
      className="line-clamp-3"
    >
      Lorem ipsum dolor sit amet, enim officia aliquip ipsum ullamco irure eiusmod esse ullamco est nulla Lorem dolor nulla exercitation proident.
    </p>
    <div
      className="justify-center mt-4 card-actions"
    >
      <a
        className="flex-1 btn btn-primary"
        href="#"
      >
        Read More 
        <svg
          className="ml-3"
          fill="currentColor"
          height="1em"
          stroke="currentColor"
          strokeWidth="0"
          style={
            Object {
              "color": undefined,
            }
          }
          viewBox="0 0 16 16"
          width="1em"
          xmlns="http://www.w3.org/2000/svg"
        >
          <path
            d="M1 8a.5.5 0 0 1 .5-.5h11.793l-3.147-3.146a.5.5 0 0 1 .708-.708l4 4a.5.5 0 0 1 0 .708l-4 4a.5.5 0 0 1-.708-.708L13.293 8.5H1.5A.5.5 0 0 1 1 8z"
            fillRule="evenodd"
          />
        </svg>
      </a>
    </div>
  </div>
</div>
`;
