// Jest Snapshot v1, https://goo.gl/fbAQLP

exports[`HeroCentered should render successfully 1`] = `
<div
  className="hero rounded-lg my-12 bg-gradient-to-t from-base-200 to-base-100 p-4 shadow-sm min-h-[15vh]"
>
  <div
    className="text-center hero-content"
  >
    <div
      className="max-w-md lg:max-w-full"
    >
      <h1
        className="text-6xl font-bold"
      >
        Hello there
      </h1>
      Provident cupiditate voluptatem et in. Quaerat fugiat ut assumenda excepturi exercitationem quasi. In deleniti eaque aut repudiandae et a id nisi.
    </div>
  </div>
</div>
`;
